// Vitest Snapshot v1, https://vitest.dev/guide/snapshot.html

exports[`generateManifestVersion > snapshot tests > generates consistent JSON for Basic SDL > Basic SDL manifest JSON 1`] = `"[{"name":"akash","services":[{"args":null,"command":null,"count":1,"credentials":null,"env":null,"expose":[{"endpointSequenceNumber":0,"externalPort":80,"global":true,"hosts":null,"httpOptions":{"maxBodySize":1048576,"nextCases":["error","timeout"],"nextTimeout":0,"nextTries":3,"readTimeout":60000,"sendTimeout":60000},"ip":"","port":80,"proto":"TCP","service":""}],"image":"bsord/tetris","name":"tetris","rdmaGroup":"","resources":{"cpu":{"units":{"val":"1000"}},"endpoints":[{"sequence_number":0}],"gpu":{"units":{"val":"0"}},"id":1,"memory":{"size":{"val":"536870912"}},"storage":[{"name":"default","size":{"val":"536870912"}}]}}]}]"`;

exports[`generateManifestVersion > snapshot tests > generates consistent JSON for Empty Profile SDL > Empty Profile manifest JSON 1`] = `"[{"name":"akash","services":[{"args":null,"command":null,"count":1,"credentials":null,"env":null,"expose":[{"endpointSequenceNumber":0,"externalPort":80,"global":true,"hosts":null,"httpOptions":{"maxBodySize":1048576,"nextCases":["error","timeout"],"nextTimeout":0,"nextTries":3,"readTimeout":60000,"sendTimeout":60000},"ip":"","port":80,"proto":"TCP","service":""}],"image":"bsord/tetris","name":"tetris-main","rdmaGroup":"","resources":{"cpu":{"units":{"val":"1000"}},"endpoints":[{"sequence_number":0}],"gpu":{"units":{"val":"0"}},"id":1,"memory":{"size":{"val":"536870912"}},"storage":[{"name":"default","size":{"val":"536870912"}}]}}]}]"`;

exports[`generateManifestVersion > snapshot tests > generates consistent version for Basic SDL > Basic SDL manifest version 1`] = `
Uint8Array [
  120,
  75,
  236,
  99,
  29,
  192,
  117,
  115,
  197,
  35,
  159,
  75,
  219,
  125,
  210,
  244,
  33,
  187,
  63,
  23,
  53,
  159,
  129,
  113,
  92,
  160,
  189,
  212,
  3,
  136,
  10,
  44,
]
`;

exports[`generateManifestVersion > snapshot tests > generates consistent version for Empty Profile SDL > Empty Profile manifest version 1`] = `
Uint8Array [
  182,
  30,
  47,
  136,
  39,
  231,
  190,
  117,
  204,
  69,
  190,
  37,
  133,
  11,
  243,
  228,
  58,
  130,
  39,
  86,
  188,
  142,
  19,
  235,
  98,
  19,
  183,
  2,
  149,
  70,
  68,
  83,
]
`;

exports[`generateManifestVersion > snapshot tests > generates consistent version for Minesweeper SDL > Minesweeper manifest version 1`] = `
Uint8Array [
  207,
  156,
  163,
  238,
  144,
  250,
  194,
  217,
  218,
  43,
  194,
  88,
  175,
  228,
  59,
  142,
  157,
  92,
  143,
  164,
  173,
  193,
  12,
  211,
  243,
  63,
  135,
  222,
  169,
  87,
  146,
  44,
]
`;
