// Jest Snapshot v1, https://goo.gl/fbAQLP

exports[`generateManifestVersion snapshot tests generates consistent JSON for Basic SDL: Basic SDL manifest JSON 1`] = `"[{"name":"akash","services":[{"args":null,"command":null,"count":1,"credentials":null,"env":null,"expose":[{"endpointSequenceNumber":0,"externalPort":80,"global":true,"hosts":null,"httpOptions":{"maxBodySize":1048576,"nextCases":["error","timeout"],"nextTimeout":0,"nextTries":3,"readTimeout":60000,"sendTimeout":60000},"ip":"","port":80,"proto":"TCP","service":""}],"image":"bsord/tetris","name":"tetris","resources":{"cpu":{"units":{"val":"1000"}},"endpoints":[{"sequence_number":0}],"gpu":{"units":{"val":"0"}},"id":1,"memory":{"size":{"val":"536870912"}},"storage":[{"name":"default","size":{"val":"536870912"}}]}}]}]"`;

exports[`generateManifestVersion snapshot tests generates consistent JSON for Empty Profile SDL: Empty Profile manifest JSON 1`] = `"[{"name":"akash","services":[{"args":null,"command":null,"count":1,"credentials":null,"env":null,"expose":[{"endpointSequenceNumber":0,"externalPort":80,"global":true,"hosts":null,"httpOptions":{"maxBodySize":1048576,"nextCases":["error","timeout"],"nextTimeout":0,"nextTries":3,"readTimeout":60000,"sendTimeout":60000},"ip":"","port":80,"proto":"TCP","service":""}],"image":"bsord/tetris","name":"tetris-main","resources":{"cpu":{"units":{"val":"1000"}},"endpoints":[{"sequence_number":0}],"gpu":{"units":{"val":"0"}},"id":1,"memory":{"size":{"val":"536870912"}},"storage":[{"name":"default","size":{"val":"536870912"}}]}}]}]"`;

exports[`generateManifestVersion snapshot tests generates consistent version for Basic SDL: Basic SDL manifest version 1`] = `
Uint8Array [
  238,
  82,
  227,
  41,
  170,
  69,
  176,
  99,
  140,
  39,
  6,
  93,
  82,
  235,
  13,
  201,
  47,
  103,
  4,
  25,
  75,
  198,
  60,
  100,
  53,
  197,
  111,
  181,
  73,
  221,
  237,
  125,
]
`;

exports[`generateManifestVersion snapshot tests generates consistent version for Empty Profile SDL: Empty Profile manifest version 1`] = `
Uint8Array [
  131,
  143,
  9,
  175,
  180,
  7,
  58,
  60,
  168,
  235,
  37,
  255,
  95,
  79,
  2,
  251,
  157,
  44,
  222,
  105,
  133,
  190,
  99,
  107,
  4,
  237,
  225,
  116,
  1,
  21,
  69,
  131,
]
`;

exports[`generateManifestVersion snapshot tests generates consistent version for Minesweeper SDL: Minesweeper manifest version 1`] = `
Uint8Array [
  118,
  133,
  114,
  88,
  205,
  146,
  91,
  146,
  241,
  47,
  147,
  235,
  200,
  244,
  136,
  198,
  55,
  161,
  119,
  8,
  118,
  79,
  121,
  150,
  213,
  74,
  208,
  44,
  37,
  100,
  241,
  116,
]
`;
