// Vitest Snapshot v1, https://vitest.dev/guide/snapshot.html

exports[`generateManifestVersion > snapshot tests > generates consistent JSON for Basic SDL > Basic SDL manifest JSON 1`] = `"[{"name":"akash","services":[{"args":null,"command":null,"count":1,"credentials":null,"env":null,"expose":[{"endpointSequenceNumber":0,"externalPort":80,"global":true,"hosts":null,"httpOptions":{"maxBodySize":1048576,"nextCases":["error","timeout"],"nextTimeout":0,"nextTries":3,"proxyBufferSize":16384,"readTimeout":60000,"sendTimeout":60000},"ip":"","port":80,"proto":"TCP","service":""}],"image":"bsord/tetris","name":"tetris","resources":{"cpu":{"units":{"val":"1000"}},"endpoints":[{"sequence_number":0}],"gpu":{"units":{"val":"0"}},"id":1,"memory":{"size":{"val":"536870912"}},"storage":[{"name":"default","size":{"val":"536870912"}}]}}]}]"`;

exports[`generateManifestVersion > snapshot tests > generates consistent JSON for Empty Profile SDL > Empty Profile manifest JSON 1`] = `"[{"name":"akash","services":[{"args":null,"command":null,"count":1,"credentials":null,"env":null,"expose":[{"endpointSequenceNumber":0,"externalPort":80,"global":true,"hosts":null,"httpOptions":{"maxBodySize":1048576,"nextCases":["error","timeout"],"nextTimeout":0,"nextTries":3,"proxyBufferSize":16384,"readTimeout":60000,"sendTimeout":60000},"ip":"","port":80,"proto":"TCP","service":""}],"image":"bsord/tetris","name":"tetris-main","resources":{"cpu":{"units":{"val":"1000"}},"endpoints":[{"sequence_number":0}],"gpu":{"units":{"val":"0"}},"id":1,"memory":{"size":{"val":"536870912"}},"storage":[{"name":"default","size":{"val":"536870912"}}]}}]}]"`;

exports[`generateManifestVersion > snapshot tests > generates consistent version for Basic SDL > Basic SDL manifest version 1`] = `
Uint8Array [
  158,
  131,
  120,
  135,
  208,
  92,
  124,
  212,
  228,
  33,
  176,
  59,
  88,
  4,
  235,
  114,
  80,
  51,
  43,
  189,
  134,
  87,
  36,
  216,
  56,
  124,
  198,
  88,
  28,
  26,
  127,
  180,
]
`;

exports[`generateManifestVersion > snapshot tests > generates consistent version for Empty Profile SDL > Empty Profile manifest version 1`] = `
Uint8Array [
  81,
  79,
  80,
  179,
  82,
  113,
  79,
  43,
  192,
  67,
  126,
  194,
  134,
  211,
  246,
  109,
  220,
  187,
  49,
  193,
  77,
  141,
  242,
  211,
  220,
  169,
  208,
  48,
  106,
  171,
  237,
  101,
]
`;

exports[`generateManifestVersion > snapshot tests > generates consistent version for Minesweeper SDL > Minesweeper manifest version 1`] = `
Uint8Array [
  83,
  72,
  13,
  21,
  115,
  84,
  188,
  217,
  147,
  2,
  203,
  88,
  181,
  50,
  228,
  16,
  235,
  88,
  34,
  168,
  162,
  92,
  19,
  79,
  130,
  196,
  131,
  229,
  28,
  33,
  233,
  130,
]
`;
